<?php return array (
  0 => 'Symfony\\Bundle\\FrameworkBundle\\Controller\\AbstractController',
  1 => 'JsonSchema\\Entity\\JsonPointer',
  2 => 'Shopware\\Administration\\Controller\\AdministrationController',
  3 => 'Shopware\\Core\\Checkout\\Document\\Controller\\DocumentController',
  4 => 'Shopware\\Core\\Checkout\\Payment\\Controller\\PaymentController',
  5 => 'Shopware\\Core\\Content\\ImportExport\\Controller\\ImportExportActionController',
  6 => 'Shopware\\Core\\Content\\ImportExport\\DataAbstractionLayer\\Serializer\\Entity\\AbstractEntitySerializer',
  7 => 'Shopware\\Core\\Content\\ImportExport\\DataAbstractionLayer\\Serializer\\Entity\\EntitySerializer',
  8 => 'Shopware\\Core\\Content\\ImportExport\\DataAbstractionLayer\\Serializer\\Entity\\MediaSerializer',
  9 => 'Shopware\\Core\\Content\\ImportExport\\DataAbstractionLayer\\Serializer\\Entity\\ProductSerializer',
  10 => 'Shopware\\Core\\Content\\Seo\\Entity\\Dbal\\SeoUrlAssociationFieldResolver',
  11 => 'Shopware\\Core\\Content\\Seo\\Entity\\Dbal\\SeoUrlJoinBuilder',
  12 => 'Shopware\\Core\\Content\\Seo\\Entity\\Field\\SeoUrlAssociationField',
  13 => 'Shopware\\Core\\Content\\Seo\\Entity\\Serializer\\SeoUrlFieldSerializer',
  14 => 'Shopware\\Core\\Framework\\Api\\Controller\\AccessKeyController',
  15 => 'Shopware\\Core\\Framework\\Api\\Controller\\ApiController',
  16 => 'Shopware\\Core\\Framework\\Api\\Controller\\AuthController',
  17 => 'Shopware\\Core\\Framework\\Api\\Controller\\CacheController',
  18 => 'Shopware\\Core\\Framework\\Api\\Controller\\FallbackController',
  19 => 'Shopware\\Core\\Framework\\Api\\Controller\\IndexingController',
  20 => 'Shopware\\Core\\Framework\\Api\\Controller\\InfoController',
  21 => 'Shopware\\Core\\Framework\\Api\\Controller\\SalesChannelProxyController',
  22 => 'Shopware\\Core\\Framework\\Api\\Controller\\SyncController',
  23 => 'Shopware\\Core\\Framework\\Api\\Controller\\UserController',
  24 => 'Shopware\\Core\\Profiling\\Entity\\EntityAggregatorProfiler',
  25 => 'Shopware\\Core\\Profiling\\Entity\\EntityReaderProfiler',
  26 => 'Shopware\\Core\\Profiling\\Entity\\EntitySearcherProfiler',
  27 => 'Shopware\\Core\\System\\SalesChannel\\Entity\\SalesChannelApiController',
  28 => 'Shopware\\Core\\System\\SalesChannel\\Entity\\SalesChannelDefinitionInstanceRegistry',
  29 => 'Shopware\\Core\\System\\SalesChannel\\Entity\\SalesChannelDefinitionInterface',
  30 => 'Shopware\\Core\\System\\SalesChannel\\Entity\\SalesChannelEntityAggregationResultLoadedEvent',
  31 => 'Shopware\\Core\\System\\SalesChannel\\Entity\\SalesChannelEntityIdSearchResultLoadedEvent',
  32 => 'Shopware\\Core\\System\\SalesChannel\\Entity\\SalesChannelEntityLoadedEvent',
  33 => 'Shopware\\Core\\System\\SalesChannel\\Entity\\SalesChannelEntitySearchResultLoadedEvent',
  34 => 'Shopware\\Core\\System\\SalesChannel\\Entity\\SalesChannelRepository',
  35 => 'Shopware\\Core\\System\\SalesChannel\\Entity\\SalesChannelRepositoryInterface',
  36 => 'Shopware\\Storefront\\Controller\\AccountOrderController',
  37 => 'Shopware\\Storefront\\Controller\\AccountPaymentController',
  38 => 'Shopware\\Storefront\\Controller\\AccountProfileController',
  39 => 'Shopware\\Storefront\\Controller\\AddressController',
  40 => 'Shopware\\Storefront\\Controller\\AuthController',
  41 => 'Shopware\\Storefront\\Controller\\CartLineItemController',
  42 => 'Shopware\\Storefront\\Controller\\CheckoutController',
  43 => 'Shopware\\Storefront\\Controller\\CmsController',
  44 => 'Shopware\\Storefront\\Controller\\ContextController',
  45 => 'Shopware\\Storefront\\Controller\\CookieController',
  46 => 'Shopware\\Storefront\\Controller\\CountryStateController',
  47 => 'Shopware\\Storefront\\Controller\\CsrfController',
  48 => 'Shopware\\Storefront\\Controller\\ErrorController',
  49 => 'Shopware\\Storefront\\Controller\\FormController',
  50 => 'Shopware\\Storefront\\Controller\\MaintenanceController',
  51 => 'Shopware\\Storefront\\Controller\\NavigationController',
  52 => 'Shopware\\Storefront\\Controller\\NewsletterController',
  53 => 'Shopware\\Storefront\\Controller\\ProductController',
  54 => 'Shopware\\Storefront\\Controller\\ProductExportController',
  55 => 'Shopware\\Storefront\\Controller\\RegisterController',
  56 => 'Shopware\\Storefront\\Controller\\SearchController',
  57 => 'Shopware\\Storefront\\Controller\\SitemapController',
  58 => 'Shopware\\Storefront\\Controller\\StorefrontController',
  59 => 'Shopware\\Storefront\\Theme\\Controller\\ThemeController',
  61 => 'Symfony\\Bundle\\FrameworkBundle\\Controller\\Controller',
  62 => 'Symfony\\Bundle\\FrameworkBundle\\Controller\\ControllerNameParser',
  63 => 'Symfony\\Bundle\\FrameworkBundle\\Controller\\ControllerResolver',
  64 => 'Symfony\\Bundle\\FrameworkBundle\\Controller\\ControllerTrait',
  65 => 'Symfony\\Bundle\\FrameworkBundle\\Controller\\RedirectController',
  66 => 'Symfony\\Bundle\\FrameworkBundle\\Controller\\TemplateController',
  67 => 'Symfony\\Bundle\\TwigBundle\\Controller\\ExceptionController',
  68 => 'Symfony\\Bundle\\TwigBundle\\Controller\\PreviewErrorController',
  69 => 'Symfony\\Bundle\\WebProfilerBundle\\Controller\\ExceptionController',
  70 => 'Symfony\\Bundle\\WebProfilerBundle\\Controller\\ExceptionPanelController',
  71 => 'Symfony\\Bundle\\WebProfilerBundle\\Controller\\ProfilerController',
  72 => 'Symfony\\Bundle\\WebProfilerBundle\\Controller\\RouterController',
  73 => 'Symfony\\Component\\HttpKernel\\Controller\\ArgumentResolver',
  74 => 'Symfony\\Component\\HttpKernel\\Controller\\ArgumentResolverInterface',
  75 => 'Symfony\\Component\\HttpKernel\\Controller\\ArgumentResolver\\DefaultValueResolver',
  76 => 'Symfony\\Component\\HttpKernel\\Controller\\ArgumentResolver\\NotTaggedControllerValueResolver',
  77 => 'Symfony\\Component\\HttpKernel\\Controller\\ArgumentResolver\\RequestAttributeValueResolver',
  78 => 'Symfony\\Component\\HttpKernel\\Controller\\ArgumentResolver\\RequestValueResolver',
  79 => 'Symfony\\Component\\HttpKernel\\Controller\\ArgumentResolver\\ServiceValueResolver',
  80 => 'Symfony\\Component\\HttpKernel\\Controller\\ArgumentResolver\\SessionValueResolver',
  81 => 'Symfony\\Component\\HttpKernel\\Controller\\ArgumentResolver\\TraceableValueResolver',
  82 => 'Symfony\\Component\\HttpKernel\\Controller\\ArgumentResolver\\VariadicValueResolver',
  83 => 'Symfony\\Component\\HttpKernel\\Controller\\ArgumentValueResolverInterface',
  84 => 'Symfony\\Component\\HttpKernel\\Controller\\ContainerControllerResolver',
  85 => 'Symfony\\Component\\HttpKernel\\Controller\\ControllerReference',
  86 => 'Symfony\\Component\\HttpKernel\\Controller\\ControllerResolver',
  87 => 'Symfony\\Component\\HttpKernel\\Controller\\ControllerResolverInterface',
  88 => 'Symfony\\Component\\HttpKernel\\Controller\\ErrorController',
  89 => 'Symfony\\Component\\HttpKernel\\Controller\\TraceableArgumentResolver',
  90 => 'Symfony\\Component\\HttpKernel\\Controller\\TraceableControllerResolver',
);